TOOL:	xrun(64)	24.09-s005: Started on Nov 03, 2025 at 14:46:59 CET
xrun
	-F ../tb/tb.f
		../../common/simple_uart_switch.svp
		simple_uart_switch_tb.sv
		driver.sv
		monitor.sv
		scoreboard.sv
		tp_gen.sv
	-v93
	+nowarnDSEM2009
	+nowarnDSEMEL
	+nowarnCGDEFN
	+nowarnCOVUTA
	+nowarnBADPRF
	+nowarnXCLGNOPTM
	+nowarnRNDXCELON
	+nowarnSAWSTP
	-xmlibdirname INCA_libs_gui
	+access+r
	+gui
	+overwrite
	-nocopyright
	-coverage all
	-covoverwrite
	-covfile xrun_covfile.txt
	+UVM_TESTNAME=lab02_example
	-l xrun_gui.log
Compiling UVM packages (uvm_pkg.sv cdns_uvm_pkg.sv) using uvmhome location /eda/cadence/2024-25/RHELx86/XCELIUM_24.09.005/tools/methodology/UVM/CDNS-1.1d
file: ../tb/tp_gen.sv
        static uart_transaction_t tr_finish = '{default:0};
                                                        |
xmvlog: *W,ENUMERR (../tb/tp_gen.sv,8|56): This assignment is a violation of SystemVerilog strong typing rules for enumeration datatypes.
		Caching library 'worklib' ....... Done
	Elaborating the design hierarchy:
	Top level design units:
		tb_pkg
		top

	Extracting FSMs for coverage:
		worklib.tp_gen
		worklib.driver
		worklib.monitor
		worklib.scoreboard
		worklib.top
	Total FSMs extracted = 0
xmelab: *W,COVMLE: (/home/student/pzieba/VDIC/lab03/tb/simple_uart_switch_tb.sv:268):Toggle coverage disabled for object  'mem_table'  across all instances of the module/generate as its size '10240' is greater than the allowed limit '2^10'. You can change the allowed limit for toggle coverage of multi-dimensional objects using  [<max_bits_base2_exponent>] argument of -sv_mda option of set_toggle_scoring  CCF command. The valid values for this option are 10,12,14,16,18,20,22,24.
        static uart_transaction_t tr_finish = '{default:0};
                                                        |
xmelab: *W,ENUMERR (../tb/tp_gen.sv,8|56): This assignment is a violation of SystemVerilog strong typing rules for enumeration datatypes.
	Building instance overlay tables: .......
xmelab: *W,COVEOS: Currently, by default, coverage is scored for expressions containing struct datatypes. For backward compatibility, use " set_backward_compat -no_struct " coverage configuration file command..
............. Done
	Enabling instrumentation for coverage types: block expression FSM toggle functional
xmelab: *W,COVNOEN: By default, toggle coverage is not supported for systemverilog enumerated nets and variables inside structures. To enable toggle coverage of these objects, specify the 'set_toggle_scoring -sv_enum -sv_struct_with_enum' command in the coverage configuration file.
	Building instance specific data structures.
	Performing constant object marking (COM) analysis.
	Loading native compiled code:     .................... Done
	Design hierarchy summary:
		                 Instances  Unique
		Modules:                 6       6
		Interfaces:              1       1
		Verilog packages:        1       1
		Registers:             139     139
		Scalar wires:           10       -
		Named events:            1       1
		Always blocks:           3       3
		Initial blocks:          8       8
		Final blocks:            2       2
		Parallel blocks:         2       2
		Cont. assignments:       1       2
		Pseudo assignments:      6       -
		Assertions:              1       1
		Covergroup Instances:    0       3
	Writing initial simulation snapshot: worklib.top:sv
xmsim: *W,NOMTDGUI: Multi-Threaded Dumping is disabled for interactive debug mode.
SVSEED default: 1

-------------------------------------
Relinquished control to SimVision...
xcelium> 
xcelium> source /eda/cadence/2024-25/RHELx86/XCELIUM_24.09.005/tools/xcelium/files/xmsimrc
xcelium> source /eda/cadence/2024-25/RHELx86/XCELIUM_24.09.005/tools/methodology/UVM/CDNS-1.1d/additions/sv/files/tcl/uvm_sim.tcl
xcelium> database -open waves -into waves.shm -default
Created default SHM database waves
xcelium> probe -create -shm top.tb.sout1 top.tb.sout0 top.tb.sin top.tb.rst_n top.tb.clk top.tb.prog
Created probe 1
xcelium> run
[3676770] [SB] [1;31m------------------------- ERROR: Mismatch between GEN and MON! -------------------------[0m
[3676770] [SB] [1;37m[103m     ADDR         DATA         PORT     VALID                    DETAILS                [0m
[3676770] [SB] [1;37m[103mGEN: 0xa9         0x85         SOUT0    1     |     ADDR(s=0,p=0,t=1) DATA(s=0,p=1,st=1)[0m
[3676770] [SB] [1;37m[103mMON: 0xa9         0x85         SOUT1    1     |     ADDR(s=0,p=0,t=1) DATA(s=0,p=1,st=1)[0m
[3697890] [SB] [1;31m------------------------- ERROR: Mismatch between GEN and MON! -------------------------[0m
[3697890] [SB] [1;37m[103m     ADDR         DATA         PORT     VALID                    DETAILS                [0m
[3697890] [SB] [1;37m[103mGEN: 0xd1         0x72         SOUT0    1     |     ADDR(s=0,p=0,t=1) DATA(s=0,p=0,st=1)[0m
[3697890] [SB] [1;37m[103mMON: 0xd1         0x72         SOUT1    1     |     ADDR(s=0,p=0,t=1) DATA(s=0,p=0,st=1)[0m
[3711970] [SB] [1;31m------------------------- ERROR: Mismatch between GEN and MON! -------------------------[0m
[3711970] [SB] [1;37m[103m     ADDR         DATA         PORT     VALID                    DETAILS                [0m
[3711970] [SB] [1;37m[103mGEN: 0x87         0x16         SOUT0    1     |     ADDR(s=0,p=0,t=1) DATA(s=0,p=1,st=1)[0m
[3711970] [SB] [1;37m[103mMON: 0x87         0x16         SOUT1    1     |     ADDR(s=0,p=0,t=1) DATA(s=0,p=1,st=1)[0m
[3831650] [SB] [1;31m------------------------- ERROR: Mismatch between GEN and MON! -------------------------[0m
[3831650] [SB] [1;37m[103m     ADDR         DATA         PORT     VALID                    DETAILS                [0m
[3831650] [SB] [1;37m[103mGEN: 0xb0         0x62         SOUT0    1     |     ADDR(s=0,p=1,t=1) DATA(s=0,p=1,st=1)[0m
[3831650] [SB] [1;37m[103mMON: 0xb0         0x62         SOUT1    1     |     ADDR(s=0,p=1,t=1) DATA(s=0,p=1,st=1)[0m
[3845730] [SB] [1;31m------------------------- ERROR: Mismatch between GEN and MON! -------------------------[0m
[3845730] [SB] [1;37m[103m     ADDR         DATA         PORT     VALID                    DETAILS                [0m
[3845730] [SB] [1;37m[103mGEN: 0xda         0x8a         SOUT0    1     |     ADDR(s=0,p=1,t=1) DATA(s=0,p=1,st=1)[0m
[3845730] [SB] [1;37m[103mMON: 0xda         0x8a         SOUT1    1     |     ADDR(s=0,p=1,t=1) DATA(s=0,p=1,st=1)[0m

[1;30m[101m-----------------------------------[0m
[1;30m[101m----------- Test FAILED -----------[0m
[1;30m[101m-----------------------------------[0m
====================================
Address coverage: 55.08%
Routing and data coverage: 65.23%
Reset coverage: 100.00%
====================================
Simulation complete via $finish(1) at time 3859810 NS + 0
../tb/scoreboard.sv:22                 $finish;
xcelium> drivers top.tb.sout1
xmsim: *E,OBJACC: Object must have read and connectivity access: top.tb.sout1.
xcelium> reset
xmsim: *W,C58RST: Reset command executed. Coverage is enabled for the subsequent simulation run.  The coverage test name needs to be changed to prevent data overwrite, and any coverage control commands previously used must be reissued.
SVSEED default: 1
Loaded snapshot worklib.top:sv
xcelium> run
[3676770] [SB] [1;31m------------------------- ERROR: Mismatch between GEN and MON! -------------------------[0m
[3676770] [SB] [1;37m[103m     ADDR         DATA         PORT     VALID                    DETAILS                [0m
[3676770] [SB] [1;37m[103mGEN: 0xa9         0x85         SOUT0    1     |     ADDR(s=0,p=0,t=1) DATA(s=0,p=1,st=1)[0m
[3676770] [SB] [1;37m[103mMON: 0xa9         0x85         SOUT1    1     |     ADDR(s=0,p=0,t=1) DATA(s=0,p=1,st=1)[0m
[3697890] [SB] [1;31m------------------------- ERROR: Mismatch between GEN and MON! -------------------------[0m
[3697890] [SB] [1;37m[103m     ADDR         DATA         PORT     VALID                    DETAILS                [0m
[3697890] [SB] [1;37m[103mGEN: 0xd1         0x72         SOUT0    1     |     ADDR(s=0,p=0,t=1) DATA(s=0,p=0,st=1)[0m
[3697890] [SB] [1;37m[103mMON: 0xd1         0x72         SOUT1    1     |     ADDR(s=0,p=0,t=1) DATA(s=0,p=0,st=1)[0m
[3711970] [SB] [1;31m------------------------- ERROR: Mismatch between GEN and MON! -------------------------[0m
[3711970] [SB] [1;37m[103m     ADDR         DATA         PORT     VALID                    DETAILS                [0m
[3711970] [SB] [1;37m[103mGEN: 0x87         0x16         SOUT0    1     |     ADDR(s=0,p=0,t=1) DATA(s=0,p=1,st=1)[0m
[3711970] [SB] [1;37m[103mMON: 0x87         0x16         SOUT1    1     |     ADDR(s=0,p=0,t=1) DATA(s=0,p=1,st=1)[0m
[3831650] [SB] [1;31m------------------------- ERROR: Mismatch between GEN and MON! -------------------------[0m
[3831650] [SB] [1;37m[103m     ADDR         DATA         PORT     VALID                    DETAILS                [0m
[3831650] [SB] [1;37m[103mGEN: 0xb0         0x62         SOUT0    1     |     ADDR(s=0,p=1,t=1) DATA(s=0,p=1,st=1)[0m
[3831650] [SB] [1;37m[103mMON: 0xb0         0x62         SOUT1    1     |     ADDR(s=0,p=1,t=1) DATA(s=0,p=1,st=1)[0m
[3845730] [SB] [1;31m------------------------- ERROR: Mismatch between GEN and MON! -------------------------[0m
[3845730] [SB] [1;37m[103m     ADDR         DATA         PORT     VALID                    DETAILS                [0m
[3845730] [SB] [1;37m[103mGEN: 0xda         0x8a         SOUT0    1     |     ADDR(s=0,p=1,t=1) DATA(s=0,p=1,st=1)[0m
[3845730] [SB] [1;37m[103mMON: 0xda         0x8a         SOUT1    1     |     ADDR(s=0,p=1,t=1) DATA(s=0,p=1,st=1)[0m

[1;30m[101m-----------------------------------[0m
[1;30m[101m----------- Test FAILED -----------[0m
[1;30m[101m-----------------------------------[0m
====================================
Address coverage: 55.08%
Routing and data coverage: 65.23%
Reset coverage: 100.00%
====================================
Simulation complete via $finish(1) at time 3859810 NS + 0
../tb/scoreboard.sv:22                 $finish;
xcelium> probe -create -shm top.tb.mem_table
Created probe 2
xcelium> reset
xmsim: *W,C58RST: Reset command executed. Coverage is enabled for the subsequent simulation run.  The coverage test name needs to be changed to prevent data overwrite, and any coverage control commands previously used must be reissued.
SVSEED default: 1
Loaded snapshot worklib.top:sv
xcelium> run
[3676770] [SB] [1;31m------------------------- ERROR: Mismatch between GEN and MON! -------------------------[0m
[3676770] [SB] [1;37m[103m     ADDR         DATA         PORT     VALID                    DETAILS                [0m
[3676770] [SB] [1;37m[103mGEN: 0xa9         0x85         SOUT0    1     |     ADDR(s=0,p=0,t=1) DATA(s=0,p=1,st=1)[0m
[3676770] [SB] [1;37m[103mMON: 0xa9         0x85         SOUT1    1     |     ADDR(s=0,p=0,t=1) DATA(s=0,p=1,st=1)[0m
[3697890] [SB] [1;31m------------------------- ERROR: Mismatch between GEN and MON! -------------------------[0m
[3697890] [SB] [1;37m[103m     ADDR         DATA         PORT     VALID                    DETAILS                [0m
[3697890] [SB] [1;37m[103mGEN: 0xd1         0x72         SOUT0    1     |     ADDR(s=0,p=0,t=1) DATA(s=0,p=0,st=1)[0m
[3697890] [SB] [1;37m[103mMON: 0xd1         0x72         SOUT1    1     |     ADDR(s=0,p=0,t=1) DATA(s=0,p=0,st=1)[0m
[3711970] [SB] [1;31m------------------------- ERROR: Mismatch between GEN and MON! -------------------------[0m
[3711970] [SB] [1;37m[103m     ADDR         DATA         PORT     VALID                    DETAILS                [0m
[3711970] [SB] [1;37m[103mGEN: 0x87         0x16         SOUT0    1     |     ADDR(s=0,p=0,t=1) DATA(s=0,p=1,st=1)[0m
[3711970] [SB] [1;37m[103mMON: 0x87         0x16         SOUT1    1     |     ADDR(s=0,p=0,t=1) DATA(s=0,p=1,st=1)[0m
[3831650] [SB] [1;31m------------------------- ERROR: Mismatch between GEN and MON! -------------------------[0m
[3831650] [SB] [1;37m[103m     ADDR         DATA         PORT     VALID                    DETAILS                [0m
[3831650] [SB] [1;37m[103mGEN: 0xb0         0x62         SOUT0    1     |     ADDR(s=0,p=1,t=1) DATA(s=0,p=1,st=1)[0m
[3831650] [SB] [1;37m[103mMON: 0xb0         0x62         SOUT1    1     |     ADDR(s=0,p=1,t=1) DATA(s=0,p=1,st=1)[0m
[3845730] [SB] [1;31m------------------------- ERROR: Mismatch between GEN and MON! -------------------------[0m
[3845730] [SB] [1;37m[103m     ADDR         DATA         PORT     VALID                    DETAILS                [0m
[3845730] [SB] [1;37m[103mGEN: 0xda         0x8a         SOUT0    1     |     ADDR(s=0,p=1,t=1) DATA(s=0,p=1,st=1)[0m
[3845730] [SB] [1;37m[103mMON: 0xda         0x8a         SOUT1    1     |     ADDR(s=0,p=1,t=1) DATA(s=0,p=1,st=1)[0m

[1;30m[101m-----------------------------------[0m
[1;30m[101m----------- Test FAILED -----------[0m
[1;30m[101m-----------------------------------[0m
====================================
Address coverage: 55.08%
Routing and data coverage: 65.23%
Reset coverage: 100.00%
====================================
Simulation complete via $finish(1) at time 3859810 NS + 0
../tb/scoreboard.sv:22                 $finish;
xcelium> reset
xmsim: *W,C58RST: Reset command executed. Coverage is enabled for the subsequent simulation run.  The coverage test name needs to be changed to prevent data overwrite, and any coverage control commands previously used must be reissued.
SVSEED default: 1
Loaded snapshot worklib.top:sv
xcelium> reset
xmsim: *W,C58RST: Reset command executed. Coverage is enabled for the subsequent simulation run.  The coverage test name needs to be changed to prevent data overwrite, and any coverage control commands previously used must be reissued.
SVSEED default: 1
Loaded snapshot worklib.top:sv
xcelium> run 10
Ran until 10 NS + 0
xcelium> stop -create -object top.tb.mem_table[11] -name top.tb.mem_table[11]
Created stop top.tb.mem_table[11]
xcelium> reset
xmsim: *W,C58RST: Reset command executed. Coverage is enabled for the subsequent simulation run.  The coverage test name needs to be changed to prevent data overwrite, and any coverage control commands previously used must be reissued.
SVSEED default: 1
Loaded snapshot worklib.top:sv
xcelium> reset
xmsim: *W,C58RST: Reset command executed. Coverage is enabled for the subsequent simulation run.  The coverage test name needs to be changed to prevent data overwrite, and any coverage control commands previously used must be reissued.
SVSEED default: 1
Loaded snapshot worklib.top:sv
xcelium> reset
xmsim: *W,C58RST: Reset command executed. Coverage is enabled for the subsequent simulation run.  The coverage test name needs to be changed to prevent data overwrite, and any coverage control commands previously used must be reissued.
SVSEED default: 1
Loaded snapshot worklib.top:sv
xcelium> run
15990 NS + 0 (stop top.tb.mem_table[11]: top.tb.mem_table[11] = '{addr:8'h0b, port:SOUT0})
xcelium> reset
xmsim: *W,C58RST: Reset command executed. Coverage is enabled for the subsequent simulation run.  The coverage test name needs to be changed to prevent data overwrite, and any coverage control commands previously used must be reissued.
SVSEED default: 1
Loaded snapshot worklib.top:sv
xcelium> reset
xmsim: *W,C58RST: Reset command executed. Coverage is enabled for the subsequent simulation run.  The coverage test name needs to be changed to prevent data overwrite, and any coverage control commands previously used must be reissued.
SVSEED default: 1
Loaded snapshot worklib.top:sv
xcelium> run
15990 NS + 0 (stop top.tb.mem_table[11]: top.tb.mem_table[11] = '{addr:8'h0b, port:SOUT0})
xcelium> run 10000000000000
xmsim: *E,OVRFLW: Numeric overflow/underflow.
xmsim: *E,RNBDSC: Invalid time for run command.
xcelium> reset
xmsim: *W,C58RST: Reset command executed. Coverage is enabled for the subsequent simulation run.  The coverage test name needs to be changed to prevent data overwrite, and any coverage control commands previously used must be reissued.
SVSEED default: 1
Loaded snapshot worklib.top:sv
xcelium> run 1000000
15990 NS + 0 (stop top.tb.mem_table[11]: top.tb.mem_table[11] = '{addr:8'h0b, port:SOUT0})
xcelium> reset
xmsim: *W,C58RST: Reset command executed. Coverage is enabled for the subsequent simulation run.  The coverage test name needs to be changed to prevent data overwrite, and any coverage control commands previously used must be reissued.
SVSEED default: 1
Loaded snapshot worklib.top:sv
xcelium> run 1000000000
15990 NS + 0 (stop top.tb.mem_table[11]: top.tb.mem_table[11] = '{addr:8'h0b, port:SOUT0})
xcelium> run
[3676770] [SB] [1;31m------------------------- ERROR: Mismatch between GEN and MON! -------------------------[0m
[3676770] [SB] [1;37m[103m     ADDR         DATA         PORT     VALID                    DETAILS                [0m
[3676770] [SB] [1;37m[103mGEN: 0xa9         0x85         SOUT0    1     |     ADDR(s=0,p=0,t=1) DATA(s=0,p=1,st=1)[0m
[3676770] [SB] [1;37m[103mMON: 0xa9         0x85         SOUT1    1     |     ADDR(s=0,p=0,t=1) DATA(s=0,p=1,st=1)[0m
[3697890] [SB] [1;31m------------------------- ERROR: Mismatch between GEN and MON! -------------------------[0m
[3697890] [SB] [1;37m[103m     ADDR         DATA         PORT     VALID                    DETAILS                [0m
[3697890] [SB] [1;37m[103mGEN: 0xd1         0x72         SOUT0    1     |     ADDR(s=0,p=0,t=1) DATA(s=0,p=0,st=1)[0m
[3697890] [SB] [1;37m[103mMON: 0xd1         0x72         SOUT1    1     |     ADDR(s=0,p=0,t=1) DATA(s=0,p=0,st=1)[0m
[3711970] [SB] [1;31m------------------------- ERROR: Mismatch between GEN and MON! -------------------------[0m
[3711970] [SB] [1;37m[103m     ADDR         DATA         PORT     VALID                    DETAILS                [0m
[3711970] [SB] [1;37m[103mGEN: 0x87         0x16         SOUT0    1     |     ADDR(s=0,p=0,t=1) DATA(s=0,p=1,st=1)[0m
[3711970] [SB] [1;37m[103mMON: 0x87         0x16         SOUT1    1     |     ADDR(s=0,p=0,t=1) DATA(s=0,p=1,st=1)[0m
[3831650] [SB] [1;31m------------------------- ERROR: Mismatch between GEN and MON! -------------------------[0m
[3831650] [SB] [1;37m[103m     ADDR         DATA         PORT     VALID                    DETAILS                [0m
[3831650] [SB] [1;37m[103mGEN: 0xb0         0x62         SOUT0    1     |     ADDR(s=0,p=1,t=1) DATA(s=0,p=1,st=1)[0m
[3831650] [SB] [1;37m[103mMON: 0xb0         0x62         SOUT1    1     |     ADDR(s=0,p=1,t=1) DATA(s=0,p=1,st=1)[0m
[3845730] [SB] [1;31m------------------------- ERROR: Mismatch between GEN and MON! -------------------------[0m
[3845730] [SB] [1;37m[103m     ADDR         DATA         PORT     VALID                    DETAILS                [0m
[3845730] [SB] [1;37m[103mGEN: 0xda         0x8a         SOUT0    1     |     ADDR(s=0,p=1,t=1) DATA(s=0,p=1,st=1)[0m
[3845730] [SB] [1;37m[103mMON: 0xda         0x8a         SOUT1    1     |     ADDR(s=0,p=1,t=1) DATA(s=0,p=1,st=1)[0m

[1;30m[101m-----------------------------------[0m
[1;30m[101m----------- Test FAILED -----------[0m
[1;30m[101m-----------------------------------[0m
====================================
Address coverage: 55.08%
Routing and data coverage: 65.23%
Reset coverage: 100.00%
====================================
Simulation complete via $finish(1) at time 3859810 NS + 0
../tb/scoreboard.sv:22                 $finish;
xcelium> ^C
xcelium> exit
See ./cov_work/scope/test/icc.com file for message(s) on coverage constant object marking

coverage setup:
  workdir  :  ./cov_work
  dutinst  :  top(top)
  scope    :  scope
  testname :  test

coverage files:
  model(design data) :  ./cov_work/scope/icc_41aae696_3931f5af.ucm
  data               :  ./cov_work/scope/test/icc_41aae696_3931f5af.ucd
TOOL:	xrun(64)	24.09-s005: Exiting on Nov 03, 2025 at 15:43:42 CET  (total: 00:56:43)
