*I,imc.tool.cov.version.diff: "There is a difference between the IMC tool version 24.03 and the coverage version 24.09-s005"
*I,RUNLD: Successfully loaded run /home/student/pzieba/VDIC/lab03/run/cov_work/scope/lab03.
*I,MERGL1: Merging Simulation Coverage ...
----------------------------
*I,MERGL1: Preparing target model ...
*I,MERGL1: Reading model of primary run (cov_work/scope/lab03) as initial model: cov_work/scope/icc_0996d3eb_4dbc0b24.ucm
*I,MERGL1: Target model generated successfully.
*I,MERGL1: Projecting Simulation ucd data into the target model ...
*I,MERGL2:   cov_work/scope/lab03:
*I,MERGL3:       Data is projected in to the target model.
*I,MERGL1: Writing output database cov_work/scope/merged_results:
*I,MERGL2:   Model: cov_work/scope/merged_results/icc_0996d3eb_4dbc0b24.ucm
*I,MERGL2:   Data : cov_work/scope/merged_results/icc_0996d3eb_4dbc0b24.ucd
*I,MERGL1: No Specman coverage databases found in the runs.
Total conflicts during target model creation: 0
Total items not merged                      : 0
Total runs not considered during target model creation: 0
Total runs not merged                                 : 0
*I,imc.tool.cov.version.diff: "There is a difference between the IMC tool version 24.03 and the coverage version 24.09-s005"
*I,RUNLD: Successfully loaded run /home/student/pzieba/VDIC/lab03/run/cov_work/scope/merged_results.
*W,REPDEP: This is a legacy report and no future enhancement is planned for this report. It is recommended that you use the 'report_metrics' command and generate a dynamic report.
name                                     Overall Average      Overall Covered      Code Average         Code Covered         Fsm Average          Fsm Covered          Functional Average   Functional Covered   
-----------------------------------------------------------------------------------------------------------------------------------------------------------------------------------------------------------------
top                                      100.00%              100.00% (4/4)        100.00%              100.00% (4/4)        n/a                  n/a                  n/a                  n/a                  
|--tb                                    55.56%               55.56% (5/9)         55.56%               55.56% (5/9)         n/a                  n/a                  n/a                  n/a                  
|--dut                                   100.00%              100.00% (6/6)        100.00%              100.00% (6/6)        n/a                  n/a                  n/a                  n/a                  
|--u_tp_gen                              75.29%               73.55% (114/155/3)   75.29%               73.55% (114/155/3)   n/a                  n/a                  n/a                  n/a                  
|--u_driver                              98.91%               96.15% (25/26)       97.83%               96.00% (24/25)       n/a                  n/a                  100.00%              100.00% (1/1)        
|--u_monitor                             79.75%               83.56% (61/73/2)     79.75%               83.56% (61/73/2)     n/a                  n/a                  n/a                  n/a                  
|--u_score                               48.19%               49.44% (44/89)       48.19%               49.44% (44/89)       n/a                  n/a                  n/a                  n/a                  
|--u_cov                                 94.95%               99.62% (793/796)     90.00%               93.75% (15/16)       n/a                  n/a                  99.90%               99.74% (778/780)     
