*** List of included argument files ***
    Build configuration file:  /home/student/pzieba/VDIC/.dvt/lab04part1.build
    -F /home/student/pzieba/VDIC/./lab04part1/tb/tb.f
*** Done analyzing build configuration [35 ms] ***
Loaded compile waivers from /home/student/pzieba/VDIC/.dvt/waivers.xml
*** Start SystemVerilog build ***
*** Invocation #1***
Loading (1) /home/student/pzieba/VDIC/lab04part1/tb/lab04part1.sv ...
Done /home/student/pzieba/VDIC/lab04part1/tb/lab04part1.sv [219 ms, 341 lines, SystemVerilog_2012] ...
*** Done invocation #1 [68 ms] ***
*** Total number of lines [341] ***
Performing post full build actions ...
Performing post full build step 1 (SRI) [1 ms] ...
Performing post full build step 2 (RI) [1 ms] ...
Performing post full build step 3 (RCP) [17 ms] ...
*** Done SystemVerilog build [254 ms] ***
*** Start mixed mode extension build ***
Performing mixed post full build step (VLOG - RI) [0 ms] ...
*** Warning: UNSPECIFIED_TOP: Please specify a -top module/entity/configuration in the project build file
Performing mixed post full build step (MIXED - ELAB) [3 ms] ...
Performing mixed post full build step (MIXED - UNEL) [102 ms] ...
*** Warning: UNELABORATED_MODULE: Module 'work.top' is not elaborated
    at line 249 in /home/student/pzieba/VDIC/lab04part1/tb/lab04part1.sv [compile index 1]
Performing mixed post full build step (VLOG - RD) [1 ms] ...
Performing mixed post full build step (VLOG - FSC) [101 ms] ...
Performing mixed post full build step (VLOG - EV) [51 ms] ...
Performing mixed post full build step (VLOG - ELPC) [2 ms] ...
Performing mixed post full build step (VLOG - US) [50 ms] ...
*** Warning: SIGNAL_NEVER_WRITTEN: Signal 'line' is never written
    at line 251 in /home/student/pzieba/VDIC/lab04part1/tb/lab04part1.sv [compile index 1]
*** Done mixed mode extension build [318 ms] ***
Waiver 'Disable by message' defined in '/home/student/pzieba/VDIC/.dvt/waivers.xml' at line 4 applied to 0 problems
Waiver 'Demote by path' defined in '/home/student/pzieba/VDIC/.dvt/waivers.xml' at line 8 applied to 0 problems
Waiver 'Promote by path OR message' defined in '/home/student/pzieba/VDIC/.dvt/waivers.xml' at line 12 applied to 0 problems
Waiver 'Disable by path AND message' defined in '/home/student/pzieba/VDIC/.dvt/waivers.xml' at line 16 applied to 0 problems
Waiver 'SIGNAL_NEVER_USED' defined in '/home/student/pzieba/VDIC/.dvt/waivers.xml' at line 20 applied to 0 problems
*** Total build time [661 ms] ***
Loaded compile waivers from /home/student/pzieba/VDIC/.dvt/waivers.xml
