TOOL:	xrun(64)	24.09-s005: Started on Oct 27, 2025 at 13:27:39 CET
xrun
	-compile
	-l xrun_compile.log
	-F ../tb/tb.f
		../../common/simple_uart_switch.svp
		simple_uart_switch_tb.sv
	-v93
	+nowarnDSEM2009
	+nowarnDSEMEL
	+nowarnCGDEFN
	+nowarnCOVUTA
	+nowarnBADPRF
	+nowarnXCLGNOPTM
	+nowarnRNDXCELON
	+nowarnSAWSTP
	-xmlibdirname INCA_libs
	+overwrite
	-nocopyright
	+ntb_random_seed=random
	-coverage all
	-covoverwrite
	-covfile xrun_covfile.txt

   User defined plus("+") options:
	+ntb_random_seed=random

file: ../tb/../../common/simple_uart_switch.svp
	module worklib.simple_switch_uart:svp
		errors: 0, warnings: 0
file: ../tb/simple_uart_switch_tb.sv
        static uart_transaction_t tr_finish = '{default:0};
                                                        |
xmvlog: *W,ENUMERR (../tb/simple_uart_switch_tb.sv,173|56): This assignment is a violation of SystemVerilog strong typing rules for enumeration datatypes.
	module worklib.top:sv
		errors: 0, warnings: 1
TOOL:	xrun(64)	24.09-s005: Exiting on Oct 27, 2025 at 13:27:40 CET  (total: 00:00:01)
