TOOL:	xrun(64)	24.09-s005: Started on Oct 27, 2025 at 17:36:51 CET
xrun
	-F ../tb/tb.f
		../../common/simple_uart_switch.svp
		simple_uart_switch_tb.sv
	-v93
	+nowarnDSEM2009
	+nowarnDSEMEL
	+nowarnCGDEFN
	+nowarnCOVUTA
	+nowarnBADPRF
	+nowarnXCLGNOPTM
	+nowarnRNDXCELON
	+nowarnSAWSTP
	-xmlibdirname INCA_libs_gui
	+access+r
	+gui
	+overwrite
	-nocopyright
	-coverage all
	-covoverwrite
	-covfile xrun_covfile.txt
	-covtest lab02_example
	+UVM_TESTNAME=lab02_example
	-l xrun_gui.log
Compiling UVM packages (uvm_pkg.sv cdns_uvm_pkg.sv) using uvmhome location /eda/cadence/2024-25/RHELx86/XCELIUM_24.09.005/tools/methodology/UVM/CDNS-1.1d
file: ../tb/simple_uart_switch_tb.sv
        static uart_transaction_t tr_finish = '{default:0};
                                                        |
xmvlog: *W,ENUMERR (../tb/simple_uart_switch_tb.sv,261|56): This assignment is a violation of SystemVerilog strong typing rules for enumeration datatypes.
		Caching library 'worklib' ....... Done
	Elaborating the design hierarchy:
	Top level design units:
		top

	Extracting FSMs for coverage:
		worklib.top
	Total FSMs extracted = 0
xmelab: *W,COVMLE: (/home/student/pzieba/VDIC/lab02/tb/simple_uart_switch_tb.sv:91):Toggle coverage disabled for object  'mem_table'  across all instances of the module/generate as its size '10240' is greater than the allowed limit '2^10'. You can change the allowed limit for toggle coverage of multi-dimensional objects using  [<max_bits_base2_exponent>] argument of -sv_mda option of set_toggle_scoring  CCF command. The valid values for this option are 10,12,14,16,18,20,22,24.
        static uart_transaction_t tr_finish = '{default:0};
                                                        |
xmelab: *W,ENUMERR (../tb/simple_uart_switch_tb.sv,261|56): This assignment is a violation of SystemVerilog strong typing rules for enumeration datatypes.
        $write("[%0t] [SB] %sGEN: %-12s %-12s %-8s %-0b     |     ADDR(s=%b,p=%b,t=%b) DATA(s=%b,p=%b,st=%b)%s\n",
                                                                                                                |
xmelab: *W,IGNFMT (../tb/simple_uart_switch_tb.sv,899|112): Illegal width specifier in format ignored (%-0b).
        $write("[%0t] [SB] %sMON: %-12s %-12s %-8s %-0b     |     ADDR(s=%b,p=%b,t=%b) DATA(s=%b,p=%b,st=%b)%s\n",
                                                                                                                |
xmelab: *W,IGNFMT (../tb/simple_uart_switch_tb.sv,907|112): Illegal width specifier in format ignored (%-0b).
	Building instance overlay tables: ..........
xmelab: *W,COVEOS: Currently, by default, coverage is scored for expressions containing struct datatypes. For backward compatibility, use " set_backward_compat -no_struct " coverage configuration file command..
.......... Done
	Enabling instrumentation for coverage types: block expression FSM toggle functional
xmelab: *W,COVNOEN: By default, toggle coverage is not supported for systemverilog enumerated nets and variables inside structures. To enable toggle coverage of these objects, specify the 'set_toggle_scoring -sv_enum -sv_struct_with_enum' command in the coverage configuration file.
	Building instance specific data structures.
	Performing constant object marking (COM) analysis.
xmelab: *W,OBINRGT: (File: ../tb/simple_uart_switch_tb.sv, Line : 110): Some of the values in bin range '[0 : 255]' of bin 'top.address_cov.addr_cov.all_addrs_prog' are not within the possible values that coverpoint can store. Range will be modified to '[0 : 127]'.
xmelab: *W,OBINRGT: (File: ../tb/simple_uart_switch_tb.sv, Line : 112): Some of the values in bin range '[0 : 255]' of bin 'top.address_cov.addr_cov.all_addrs_nonprog' are not within the possible values that coverpoint can store. Range will be modified to '[0 : 127]'.
xmelab: *W,OBINRGT: (File: ../tb/simple_uart_switch_tb.sv, Line : 155): Some of the values in bin range '[0 : 255]' of bin 'top.routing_data_cov.cp_all_data.all_data_values' are not within the possible values that coverpoint can store. Range will be modified to '[0 : 127]'.
	Loading native compiled code:     .................... Done
	Design hierarchy summary:
		                 Instances  Unique
		Modules:                 2       2
		Registers:             133     133
		Scalar wires:           10       -
		Named events:            1       1
		Always blocks:           3       3
		Initial blocks:          8       8
		Final blocks:            2       2
		Parallel blocks:         2       2
		Cont. assignments:       1       2
		Pseudo assignments:      5       -
		Assertions:              1       1
		Covergroup Instances:    0       3
	Writing initial simulation snapshot: worklib.top:sv
xmsim: *W,NOMTDGUI: Multi-Threaded Dumping is disabled for interactive debug mode.
SVSEED default: 1

-------------------------------------
Relinquished control to SimVision...
xcelium> 
xcelium> source /eda/cadence/2024-25/RHELx86/XCELIUM_24.09.005/tools/xcelium/files/xmsimrc
xcelium> source /eda/cadence/2024-25/RHELx86/XCELIUM_24.09.005/tools/methodology/UVM/CDNS-1.1d/additions/sv/files/tcl/uvm_sim.tcl
xcelium> imc -load merged results
xmsim: *E,TCLERR: *** Error: Usage imc <script name> is deprecated.
 In order to run a script and exit use "imc -exec <script name>".
    while executing
"exec /eda/cadence/2024-25/RHELx86/VMANAGER_24.03.001/bin/imc -load merged results"
    invoked from within
"imc -load merged results"
xcelium> ^C
xcelium> exit
xmsim: *W,NORUNCMD: No 'run' command issued.

[1;30m[102m-----------------------------------[0m
[1;30m[102m----------- Test PASSED -----------[0m
[1;30m[102m-----------------------------------[0m
====================================
Address coverage: 0.00%
Routing and data coverage: 0.00%
Reset coverage: 0.00%
====================================
See ./cov_work/scope/lab02_example/icc.com file for message(s) on coverage constant object marking

coverage setup:
  workdir  :  ./cov_work
  dutinst  :  top(top)
  scope    :  scope
  testname :  lab02_example

coverage files:
  model(design data) :  ./cov_work/scope/icc_56c5535e_19c982b5.ucm
  data               :  ./cov_work/scope/lab02_example/icc_56c5535e_19c982b5.ucd
TOOL:	xrun(64)	24.09-s005: Exiting on Oct 27, 2025 at 17:47:59 CET  (total: 00:11:08)
