TOOL:	xrun(64)	24.09-s005: Started on Nov 23, 2025 at 03:39:00 CET
xrun
	-elaborate
	-l xrun_elaborate.log
	-F ../tb/tb.f
		../../common/simple_uart_switch.svp
		fifomult_tb_pkg.sv
		switch_bfm.sv
		top.sv
		+incdir+tb_classes
		+incdir+.
		+nowarn+DSEMEL
		+nowarnBADPRF
		-uvm
		-uvmhome /eda/cadence/2024-25/RHELx86/XCELIUM_24.09.005/tools/methodology/UVM/CDNS-1.2/sv
		+UVM_NO_RELNOTES
		+UVM_VERBOSITY=MEDIUM
		-linedebug
		-fsmdebug
		-uvmlinedebug
	-v93
	+nowarnDSEM2009
	+nowarnDSEMEL
	+nowarnCGDEFN
	+nowarnCOVUTA
	+nowarnBADPRF
	+nowarnXCLGNOPTM
	+nowarnRNDXCELON
	+nowarnCOVEOS
	+nowarnSAWSTP
	+nowarnCUVIHR
	+nowarnIGNFMT
	+nowarnENUMERR
	+nowarnCOVMLE
	+nowarnCOVNOEN
	+nowarnNAGCST
	+nowarnCVMTMM
	-xmlibdirname INCA_libs
	+overwrite
	-nocopyright
	-coverage all
	-covoverwrite
	-covfile xrun_covfile.txt

   User defined plus("+") options:
	+UVM_NO_RELNOTES
	+UVM_VERBOSITY=MEDIUM

xrun: *W,CNTSUP: Error 'CVMTMM' cannot be suppressed.
xrun: *W,CNTSUP: Error 'CVMTMM' cannot be suppressed.
xmelab: *W,CNTSUP: Error 'CVMTMM' cannot be suppressed.
		Caching library 'worklib' ....... Done
	Elaborating the design hierarchy:
	Top level design units:
		uvm_pkg
		cdns_uvmapi
		cdns_assert2uvm_pkg
		cdns_uvm_pkg
		fifomult_tb_pkg
		$unit_0x70562d49
		top

	Extracting FSMs for coverage:
		worklib.top
	Total FSMs extracted = 0
	Building instance overlay tables: .................... Done
	Enabling instrumentation for coverage types: block expression FSM toggle functional
	Generating native compiled code:
xmvlog_cg: *W,CNTSUP: Error 'CVMTMM' cannot be suppressed.
		worklib.simple_switch_uart:svp <0x1d5754fd>
			streams:  33, words: 32354
		worklib.switch_bfm:sv <0x3936ff2d>
			streams: 635, words: 1114681
		worklib.cdns_uvm_pkg:sv <0x46a5b39c>
			streams: 251, words: 571997
		worklib.cdns_uvmapi:svp <0x47b0b7c7>
			streams:  27, words: 46845
		worklib.cdns_assert2uvm_pkg:sv <0x4f8b8924>
			streams:   3, words:  3354
		worklib.uvm_pkg:sv <0x6cddb2c3>
			streams: 6288, words: 15612344
	Building instance specific data structures.
	Performing constant object marking (COM) analysis.
	Loading native compiled code:     .................... Done
	Design hierarchy summary:
		                        Instances  Unique
		Modules:                        2       2
		Interfaces:                     1       1
		Verilog packages:               5       5
		Registers:                 16,483  11,784
		Scalar wires:                  10       -
		Named events:                   5      13
		Always blocks:                  4       4
		Initial blocks:               330     168
		Parallel blocks:               28      29
		Cont. assignments:              2       2
		Pseudo assignments:             6       -
		Assertions:                     3       3
		Covergroup Instances:           0       3
		Compilation units:              1       1
		SV Class declarations:        238     350
		SV Class specializations:     442     442
	Writing initial simulation snapshot: worklib.top:sv
TOOL:	xrun(64)	24.09-s005: Exiting on Nov 23, 2025 at 03:39:07 CET  (total: 00:00:07)
