TOOL:	xrun(64)	24.09-s005: Started on Dec 02, 2025 at 17:09:52 CET
xrun
	-compile
	-l xrun_compile.log
	-F ../tb/tb.f
		../../common/simple_uart_switch.svp
		fifomult_tb_pkg.sv
		switch_bfm.sv
		top.sv
		+incdir+tb_classes
		+incdir+.
		+nowarn+DSEMEL
		+nowarnBADPRF
		-uvm
		-uvmhome /eda/cadence/2024-25/RHELx86/XCELIUM_24.09.005/tools/methodology/UVM/CDNS-1.2/sv
		+UVM_NO_RELNOTES
		+UVM_VERBOSITY=MEDIUM
		-linedebug
		-fsmdebug
		-uvmlinedebug
	-v93
	+nowarnDSEM2009
	+nowarnDSEMEL
	+nowarnCGDEFN
	+nowarnCOVUTA
	+nowarnBADPRF
	+nowarnXCLGNOPTM
	+nowarnRNDXCELON
	+nowarnCOVEOS
	+nowarnSAWSTP
	+nowarnCUVIHR
	+nowarnIGNFMT
	+nowarnENUMERR
	+nowarnCOVMLE
	+nowarnCOVNOEN
	+nowarnNAGCST
	+nowarnCVMTMM
	-xmlibdirname INCA_libs
	+overwrite
	-nocopyright
	-coverage all
	-covoverwrite
	-covfile xrun_covfile.txt

   User defined plus("+") options:
	+UVM_NO_RELNOTES
	+UVM_VERBOSITY=MEDIUM

xrun: *W,CNTSUP: Error 'CVMTMM' cannot be suppressed.
xrun: *W,CNTSUP: Error 'CVMTMM' cannot be suppressed.
Compiling UVM packages (uvm_pkg.sv cdns_uvm_pkg.sv) using uvmhome location /eda/cadence/2024-25/RHELx86/XCELIUM_24.09.005/tools/methodology/UVM/CDNS-1.2/sv
xmvlog: *W,CNTSUP: Error 'CVMTMM' cannot be suppressed.
xmvlog: *W,CNTSUP: Error 'CVMTMM' cannot be suppressed.
file: ../tb/../../common/simple_uart_switch.svp
	module worklib.simple_switch_uart:svp
		errors: 0, warnings: 0
file: ../tb/fifomult_tb_pkg.sv
package fifomult_tb_pkg;
                      |
xmvlog: *W,TSNSPK (../tb/fifomult_tb_pkg.sv,6|22): `timescale is not specified for the package.  The default timescale of 1ns/1ns will be assumed for this package.
	package worklib.fifomult_tb_pkg:sv
		errors: 0, warnings: 1
file: ../tb/switch_bfm.sv
	interface worklib.switch_bfm:sv
		errors: 0, warnings: 0
file: ../tb/top.sv
	module worklib.top:sv
		errors: 0, warnings: 0
xmvlog: *W,SPDUSD: Include directory ../tb/. given but not used.
	Total errors/warnings found outside modules and primitives:
		errors: 0, warnings: 2
TOOL:	xrun(64)	24.09-s005: Exiting on Dec 02, 2025 at 17:09:55 CET  (total: 00:00:03)
