TOOL:	xrun(64)	24.09-s005: Started on Nov 16, 2025 at 07:17:47 CET
xrun
	-compile
	-l xrun_compile.log
	-F ../tb/tb.f
		tinyalu_tb_pkg.sv
		tinyalu_bfm.sv
		-F ../tb/../../common/tinyalu/tinyalu.f
			tinyalu_pkg.sv
			single_cycle.sv
			three_cycle.sv
			tinyalu.sv
		top.sv
		+incdir+tb_classes
		+incdir+.
		+nowarn+DSEMEL
		-uvm
		-uvmhome /eda/cadence/2024-25/RHELx86/XCELIUM_24.09.005/tools/methodology/UVM/CDNS-1.2/sv
		+UVM_NO_RELNOTES
		+UVM_VERBOSITY=MEDIUM
		-linedebug
		-fsmdebug
		-uvmlinedebug
	-v93
	+nowarnDSEM2009
	+nowarnDSEMEL
	+nowarnCGDEFN
	+nowarnCOVUTA
	+nowarnBADPRF
	+nowarnXCLGNOPTM
	+nowarnRNDXCELON
	+nowarnSAWSTP
	-xmlibdirname INCA_libs
	+overwrite
	-nocopyright
	-coverage all
	-covoverwrite
	-covfile xrun_covfile.txt

   User defined plus("+") options:
	+UVM_NO_RELNOTES
	+UVM_VERBOSITY=MEDIUM

Compiling UVM packages (uvm_pkg.sv cdns_uvm_pkg.sv) using uvmhome location /eda/cadence/2024-25/RHELx86/XCELIUM_24.09.005/tools/methodology/UVM/CDNS-1.2/sv
file: ../tb/tinyalu_tb_pkg.sv
	package worklib.tinyalu_tb_pkg:sv
		errors: 0, warnings: 0
file: ../tb/tinyalu_bfm.sv
	interface worklib.tinyalu_bfm:sv
		errors: 0, warnings: 0
file: ../tb/../../common/tinyalu/tinyalu_pkg.sv
	package worklib.tinyalu_pkg:sv
		errors: 0, warnings: 0
file: ../tb/../../common/tinyalu/single_cycle.sv
	module worklib.single_cycle:sv
		errors: 0, warnings: 0
file: ../tb/../../common/tinyalu/three_cycle.sv
	module worklib.three_cycle:sv
		errors: 0, warnings: 0
file: ../tb/../../common/tinyalu/tinyalu.sv
	module worklib.tinyalu:sv
		errors: 0, warnings: 0
file: ../tb/top.sv
	module worklib.top:sv
		errors: 0, warnings: 0
TOOL:	xrun(64)	24.09-s005: Exiting on Nov 16, 2025 at 07:17:49 CET  (total: 00:00:02)
