TOOL:	xrun(64)	24.09-s005: Started on Nov 18, 2025 at 17:01:24 CET
xrun
	-elaborate
	-l xrun_elaborate.log
	-F ../tb/tb.f
		../../common/simple_uart_switch.svp
		fifomult_tb_pkg.sv
		switch_bfm.sv
		top.sv
		+incdir+tb_classes
		+incdir+.
		+nowarn+DSEMEL
		-uvm
		-uvmhome /eda/cadence/2024-25/RHELx86/XCELIUM_24.09.005/tools/methodology/UVM/CDNS-1.2/sv
		+UVM_NO_RELNOTES
		+UVM_VERBOSITY=MEDIUM
		-linedebug
		-fsmdebug
		-uvmlinedebug
	-v93
	+nowarnDSEM2009
	+nowarnDSEMEL
	+nowarnCGDEFN
	+nowarnCOVUTA
	+nowarnBADPRF
	+nowarnXCLGNOPTM
	+nowarnRNDXCELON
	+nowarnSAWSTP
	+nowarnCUVIHR
	+nowarnIGNFMT
	+nowarnENUMERR
	+nowarnCOVMLE
	+nowarnCOVNOEN
	-xmlibdirname INCA_libs
	+overwrite
	-nocopyright
	-coverage all
	-covoverwrite
	-covfile xrun_covfile.txt

   User defined plus("+") options:
	+UVM_NO_RELNOTES
	+UVM_VERBOSITY=MEDIUM

		Caching library 'worklib' ....... Done
	Elaborating the design hierarchy:
	Top level design units:
		uvm_pkg
		cdns_uvmapi
		cdns_assert2uvm_pkg
		cdns_uvm_pkg
		fifomult_tb_pkg
		$unit_0x70562d49
		top

	Extracting FSMs for coverage:
		worklib.top
	Total FSMs extracted = 0
	Building instance overlay tables: .................... Done
	Enabling instrumentation for coverage types: block expression FSM toggle functional
	Generating native compiled code:
		worklib.simple_switch_uart:svp <0x5c440cef>
			streams:  33, words: 32354
		worklib.switch_bfm:sv <0x6568409b>
			streams: 313, words: 621022
		worklib.cdns_uvm_pkg:sv <0x3859d828>
			streams: 251, words: 571997
		worklib.cdns_uvmapi:svp <0x4d91c88d>
			streams:  27, words: 46845
		worklib.cdns_assert2uvm_pkg:sv <0x074cc784>
			streams:   3, words:  3354
		worklib.uvm_pkg:sv <0x3d77d071>
			streams: 6288, words: 15612344
	Building instance specific data structures.
	Performing constant object marking (COM) analysis.
	Loading native compiled code:     .................... Done
	Design hierarchy summary:
		                        Instances  Unique
		Modules:                        2       2
		Interfaces:                     1       1
		Verilog packages:               5       5
		Registers:                 15,926  11,748
		Scalar wires:                  10       -
		Named events:                   5      13
		Always blocks:                  3       3
		Initial blocks:               321     165
		Parallel blocks:               30      31
		Cont. assignments:              2       2
		Pseudo assignments:             6       -
		Assertions:                     3       3
		Covergroup Instances:           0       3
		Compilation units:              1       1
		SV Class declarations:        232     348
		SV Class specializations:     418     418
	Writing initial simulation snapshot: worklib.top:sv
TOOL:	xrun(64)	24.09-s005: Exiting on Nov 18, 2025 at 17:01:30 CET  (total: 00:00:06)
