TOOL:	xrun(64)	24.09-s005: Started on Nov 18, 2025 at 17:01:22 CET
xrun
	-compile
	-l xrun_compile.log
	-F ../tb/tb.f
		../../common/simple_uart_switch.svp
		fifomult_tb_pkg.sv
		switch_bfm.sv
		top.sv
		+incdir+tb_classes
		+incdir+.
		+nowarn+DSEMEL
		-uvm
		-uvmhome /eda/cadence/2024-25/RHELx86/XCELIUM_24.09.005/tools/methodology/UVM/CDNS-1.2/sv
		+UVM_NO_RELNOTES
		+UVM_VERBOSITY=MEDIUM
		-linedebug
		-fsmdebug
		-uvmlinedebug
	-v93
	+nowarnDSEM2009
	+nowarnDSEMEL
	+nowarnCGDEFN
	+nowarnCOVUTA
	+nowarnBADPRF
	+nowarnXCLGNOPTM
	+nowarnRNDXCELON
	+nowarnSAWSTP
	+nowarnCUVIHR
	+nowarnIGNFMT
	+nowarnENUMERR
	+nowarnCOVMLE
	+nowarnCOVNOEN
	-xmlibdirname INCA_libs
	+overwrite
	-nocopyright
	-coverage all
	-covoverwrite
	-covfile xrun_covfile.txt

   User defined plus("+") options:
	+UVM_NO_RELNOTES
	+UVM_VERBOSITY=MEDIUM

Compiling UVM packages (uvm_pkg.sv cdns_uvm_pkg.sv) using uvmhome location /eda/cadence/2024-25/RHELx86/XCELIUM_24.09.005/tools/methodology/UVM/CDNS-1.2/sv
file: ../tb/../../common/simple_uart_switch.svp
	module worklib.simple_switch_uart:svp
		errors: 0, warnings: 0
file: ../tb/fifomult_tb_pkg.sv
	package worklib.fifomult_tb_pkg:sv
		errors: 0, warnings: 0
file: ../tb/switch_bfm.sv
	interface worklib.switch_bfm:sv
		errors: 0, warnings: 0
file: ../tb/top.sv
	module worklib.top:sv
		errors: 0, warnings: 0
xmvlog: *W,SPDUSD: Include directory ../tb/. given but not used.
	Total errors/warnings found outside modules and primitives:
		errors: 0, warnings: 1
TOOL:	xrun(64)	24.09-s005: Exiting on Nov 18, 2025 at 17:01:24 CET  (total: 00:00:02)
