TOOL:	xrun(64)	24.09-s005: Started on Nov 18, 2025 at 18:37:43 CET
xrun
	-elaborate
	-l xrun_elaborate.log
	-F ../tb/tb.f
		tinyalu_tb_pkg.sv
		tinyalu_bfm.sv
		-F ../tb/../../common/tinyalu/tinyalu.f
			tinyalu_pkg.sv
			single_cycle.sv
			three_cycle.sv
			tinyalu.sv
		top.sv
		+incdir+tb_classes
		+incdir+.
		+nowarn+DSEMEL
		+nowarnBADPRF
		-uvm
		-uvmhome /eda/cadence/2024-25/RHELx86/XCELIUM_24.09.005/tools/methodology/UVM/CDNS-1.2/sv
		+UVM_NO_RELNOTES
		+UVM_VERBOSITY=MEDIUM
		-linedebug
		-fsmdebug
		-uvmlinedebug
	-v93
	+nowarnDSEM2009
	+nowarnDSEMEL
	+nowarnCGDEFN
	+nowarnCOVUTA
	+nowarnBADPRF
	+nowarnXCLGNOPTM
	+nowarnRNDXCELON
	+nowarnCOVEOS
	+nowarnSAWSTP
	-xmlibdirname INCA_libs
	+overwrite
	-nocopyright
	-coverage all
	-covoverwrite
	-covfile xrun_covfile.txt

   User defined plus("+") options:
	+UVM_NO_RELNOTES
	+UVM_VERBOSITY=MEDIUM

		Caching library 'worklib' ....... Done
	Elaborating the design hierarchy:
	Top level design units:
		uvm_pkg
		cdns_uvmapi
		cdns_assert2uvm_pkg
		cdns_uvm_pkg
		tinyalu_tb_pkg
		$unit_0x1dbd8252
		tinyalu_pkg
		top

	Extracting FSMs for coverage:
		worklib.single_cycle
		worklib.three_cycle
		worklib.tinyalu
		worklib.top
	Total FSMs extracted = 0
	Building instance overlay tables: .................... Done
	Enabling instrumentation for coverage types: block expression FSM toggle functional
	Generating native compiled code:
		worklib.three_cycle:sv <0x3229a465>
			streams:  13, words:  7667
		worklib.single_cycle:sv <0x7c1df1db>
			streams:  10, words:  8449
		worklib.tinyalu:sv <0x43fb050f>
			streams:   8, words:  8746
		worklib.tinyalu_pkg:sv <0x02057d1f>
			streams:   1, words:  1277
		worklib.tinyalu_bfm:sv <0x6b9278fb>
			streams: 617, words: 963057
		worklib.cdns_uvm_pkg:sv <0x0753d4a2>
			streams: 251, words: 571997
		worklib.cdns_uvmapi:svp <0x2e8dc73a>
			streams:  27, words: 46845
		worklib.cdns_assert2uvm_pkg:sv <0x31a63a1b>
			streams:   3, words:  3354
		worklib.uvm_pkg:sv <0x2894509e>
			streams: 6288, words: 15612344
	Building instance specific data structures.
	Performing constant object marking (COM) analysis.
	Loading native compiled code:     .................... Done
	Design hierarchy summary:
		                        Instances  Unique
		Modules:                        4       4
		Interfaces:                     1       1
		Verilog packages:               6       6
		Registers:                 16,390  11,686
		Scalar wires:                  11       -
		Vectored wires:                10       -
		Named events:                   4      12
		Always blocks:                  5       5
		Initial blocks:               330     168
		Parallel blocks:               27      28
		Cont. assignments:              8       8
		Pseudo assignments:             7       -
		Assertions:                     4       4
		Covergroup Instances:           0       2
		Compilation units:              1       1
		SV Class declarations:        238     350
		SV Class specializations:     442     442
		Simulation timescale:         1ps
	Writing initial simulation snapshot: worklib.top:sv
TOOL:	xrun(64)	24.09-s005: Exiting on Nov 18, 2025 at 18:37:48 CET  (total: 00:00:05)
