TOOL:	xrun(64)	24.09-s005: Started on Nov 12, 2025 at 19:06:12 CET
xrun
	-elaborate
	-l xrun_elaborate.log
	-F ../tb/tb.f
		../../common/simple_uart_switch.svp
		fifomult_tb_pkg.sv
		switch_bfm.sv
		top.sv
		+incdir+tb_classes
		+incdir+.
		+nowarn+DSEMEL
		-timescale 1ns/1ps
	-v93
	+nowarnDSEM2009
	+nowarnDSEMEL
	+nowarnCGDEFN
	+nowarnCOVUTA
	+nowarnBADPRF
	+nowarnXCLGNOPTM
	+nowarnRNDXCELON
	+nowarnSAWSTP
	+nowarnCUVIHR
	+nowarnIGNFMT
	+nowarnENUMERR
	+nowarnCOVMLE
	+nowarnCOVNOEN
	-xmlibdirname INCA_libs
	+overwrite
	-nocopyright
	-coverage all
	-covoverwrite
	-covfile xrun_covfile.txt
		Caching library 'worklib' ....... Done
	Elaborating the design hierarchy:
	Top level design units:
		fifomult_tb_pkg
		$unit_0x70562d49
		top

	Extracting FSMs for coverage:
		worklib.top
	Total FSMs extracted = 0
	Building instance overlay tables: .................... Done
	Enabling instrumentation for coverage types: block expression FSM toggle functional
	Generating native compiled code:
		worklib.simple_switch_uart:svp <0x5ae1fc37>
			streams:  13, words: 15555
		worklib.top:sv <0x520fca8f>
			streams:   8, words:  2729
		worklib.switch_bfm:sv <0x2209ebbc>
			streams:  98, words: 183599
	Building instance specific data structures.
	Performing constant object marking (COM) analysis.
	Loading native compiled code:     .................... Done
	Design hierarchy summary:
		                     Instances  Unique
		Modules:                     2       2
		Interfaces:                  1       1
		Verilog packages:            1       1
		Registers:                 163     182
		Scalar wires:               10       -
		Named events:                1       1
		Always blocks:               3       3
		Initial blocks:              4       4
		Final blocks:                1       1
		Parallel blocks:             6       6
		Cont. assignments:           1       2
		Pseudo assignments:          6       -
		Assertions:                  1       1
		Covergroup Instances:        0       3
		Compilation units:           1       1
		SV Class declarations:       6       6
		SV Class specializations:    6       6
		Simulation timescale:      1ps
	Writing initial simulation snapshot: worklib.top:sv
TOOL:	xrun(64)	24.09-s005: Exiting on Nov 12, 2025 at 19:06:12 CET  (total: 00:00:00)
